// Jest Snapshot v1, https://goo.gl/fbAQLP

exports[`find unused rules that are deprecated 1`] = `251`;

exports[`finds unused rules 1`] = `243`;
